---
source: tests/renderer_tests.rs
expression: horizontal_layout
---
[
    Rect {
        x: 0,
        y: 0,
        width: 30,
        height: 50,
    },
    Rect {
        x: 30,
        y: 0,
        width: 20,
        height: 50,
    },
    Rect {
        x: 50,
        y: 0,
        width: 50,
        height: 50,
    },
]
